Archive member included because of file (symbol)

/usr/src/sys/arch/i386/stand/bootxx/bootxx_minixfs3/lib/i386/libi386.a(putstr.o)
                              boot1.o (putstr)
/usr/src/sys/arch/i386/stand/bootxx/bootxx_minixfs3/lib/i386/libi386.a(biosdisk_ll.o)
                              boot1.o (readsects)
/usr/src/sys/arch/i386/stand/bootxx/bootxx_minixfs3/lib/i386/libi386.a(pvcopy.o)
                              /usr/src/sys/arch/i386/stand/bootxx/bootxx_minixfs3/lib/i386/libi386.a(biosdisk_ll.o) (pvbcopy)
/usr/src/sys/arch/i386/stand/bootxx/bootxx_minixfs3/lib/i386/libi386.a(bios_disk.o)
                              /usr/src/sys/arch/i386/stand/bootxx/bootxx_minixfs3/lib/i386/libi386.a(biosdisk_ll.o) (biosdisk_reset)
/usr/src/sys/arch/i386/stand/bootxx/bootxx_minixfs3/lib/i386/libi386.a(dump_eax.o)
                              /usr/src/sys/arch/i386/stand/bootxx/bootxx_minixfs3/lib/i386/libi386.a(putstr.o) (dump_eax)
/usr/src/sys/arch/i386/stand/bootxx/bootxx_minixfs3/lib/i386/libi386.a(realprot.o)
                              /usr/src/sys/arch/i386/stand/bootxx/bootxx_minixfs3/lib/i386/libi386.a(pvcopy.o) (flatdataseg)
/usr/src/sys/arch/i386/stand/bootxx/bootxx_minixfs3/lib/sa/libsa.a(minixfs3.o)
                              bootxx.o (minixfs3_close)
/usr/src/sys/arch/i386/stand/bootxx/bootxx_minixfs3/lib/sa/libsa.a(errno.o)
                              bootxx.o (errno)
/usr/src/sys/arch/i386/stand/bootxx/bootxx_minixfs3/lib/sa/libsa.a(read.o)
                              boot1.o (read)
/usr/src/sys/arch/i386/stand/bootxx/bootxx_minixfs3/lib/sa/libsa.a(open.o)
                              boot1.o (open)
/usr/src/sys/arch/i386/stand/bootxx/bootxx_minixfs3/lib/sa/libsa.a(fstat.o)
                              boot1.o (fstat)
/usr/src/sys/arch/i386/stand/bootxx/bootxx_minixfs3/lib/sa/libsa.a(alloc.o)
                              /usr/src/sys/arch/i386/stand/bootxx/bootxx_minixfs3/lib/sa/libsa.a(minixfs3.o) (alloc)
/usr/src/sys/arch/i386/stand/bootxx/bootxx_minixfs3/lib/sa/libsa.a(files.o)
                              /usr/src/sys/arch/i386/stand/bootxx/bootxx_minixfs3/lib/sa/libsa.a(read.o) (files)
/usr/lib/libminc.a(memmove.o)
                              /usr/src/sys/arch/i386/stand/bootxx/bootxx_minixfs3/lib/sa/libsa.a(minixfs3.o) (memmove)
/usr/lib/libminc.a(memcmp.o)  /usr/src/sys/arch/i386/stand/bootxx/bootxx_minixfs3/lib/sa/libsa.a(minixfs3.o) (memcmp)
/usr/lib/libminc.a(memchr.o)  /usr/src/sys/arch/i386/stand/bootxx/bootxx_minixfs3/lib/sa/libsa.a(minixfs3.o) (memchr)
/usr/lib/libminc.a(strlen.o)  /usr/src/sys/arch/i386/stand/bootxx/bootxx_minixfs3/lib/sa/libsa.a(minixfs3.o) (strlen)
/usr/lib/libminc.a(memcpy.o)  /usr/src/sys/arch/i386/stand/bootxx/bootxx_minixfs3/lib/sa/libsa.a(minixfs3.o) (memcpy)
/usr/lib/libminc.a(memset.o)  /usr/src/sys/arch/i386/stand/bootxx/bootxx_minixfs3/lib/sa/libsa.a(minixfs3.o) (memset)

Allocating common symbols
Common symbol       size              file

errno               0x4               /usr/src/sys/arch/i386/stand/bootxx/bootxx_minixfs3/lib/sa/libsa.a(errno.o)
files               0x30              /usr/src/sys/arch/i386/stand/bootxx/bootxx_minixfs3/lib/sa/libsa.a(files.o)
freelist            0x4               /usr/src/sys/arch/i386/stand/bootxx/bootxx_minixfs3/lib/sa/libsa.a(alloc.o)

Memory Configuration

Name             Origin             Length             Attributes
*default*        0x00000000         0xffffffff

Linker script and memory map


.text           0x00001000     0x1af7
 *(.text)
 .text          0x00001000      0x200 pbr.o
                0x00001000                start
                0x00001178                message
                0x00001179                message_1
 .text          0x00001200      0x200 label.o
                0x00001200                ptn_disklabel
 .text          0x00001400      0x131 bootxx.o
                0x00001400                bootxx
                0x00001404                bootxx_magic
                0x00001509                _rtt
                0x0000151d                xxfs_open
                0x00001522                xxfs_close
                0x00001527                xxfs_read
                0x0000152c                xxfs_stat
 *fill*         0x00001531        0x3 00000000
 .text          0x00001534      0x230 boot1.o
                0x00001534                boot1
                0x000016e5                blkdevstrategy
 .text          0x00001764       0x2f /usr/src/sys/arch/i386/stand/bootxx/bootxx_minixfs3/lib/i386/libi386.a(putstr.o)
                0x00001764                putstr
                0x0000177e                putint
 *fill*         0x00001793        0x1 00000000
 .text          0x00001794      0x2fd /usr/src/sys/arch/i386/stand/bootxx/bootxx_minixfs3/lib/i386/libi386.a(biosdisk_ll.o)
                0x00001794                set_geometry
                0x000018d0                get_harddrives
                0x000018ff                readsects
 *fill*         0x00001a91        0x3 00000000
 .text          0x00001a94       0x54 /usr/src/sys/arch/i386/stand/bootxx/bootxx_minixfs3/lib/i386/libi386.a(pvcopy.o)
                0x00001a94                pbzero
                0x00001aac                vpbcopy
                0x00001aca                pvbcopy
 .text          0x00001ae8      0x13e /usr/src/sys/arch/i386/stand/bootxx/bootxx_minixfs3/lib/i386/libi386.a(bios_disk.o)
                0x00001ae8                biosdisk_reset
                0x00001b08                biosdisk_read
                0x00001b57                biosdisk_getinfo
                0x00001b92                biosdisk_int13ext
                0x00001bc0                biosdisk_extread
                0x00001bf4                biosdisk_getextinfo
 *fill*         0x00001c26        0x2 00000000
 .text          0x00001c28       0x24 /usr/src/sys/arch/i386/stand/bootxx/bootxx_minixfs3/lib/i386/libi386.a(dump_eax.o)
                0x00001c28                dump_eax
 *fill*         0x00001c4c        0x4 00000000
 .text          0x00001c50      0x169 /usr/src/sys/arch/i386/stand/bootxx/bootxx_minixfs3/lib/i386/libi386.a(realprot.o)
                0x00001ca0                gdt_fixup
                0x00001cee                real_to_prot
                0x00001d18                prot_to_real
                0x00001d96                dump_eax_buff
                0x00001da9                vtophys
 *fill*         0x00001db9        0x3 00000000
 .text          0x00001dbc      0x9b8 /usr/src/sys/arch/i386/stand/bootxx/bootxx_minixfs3/lib/sa/libsa.a(minixfs3.o)
                0x00001dbc                minixfs3_open
                0x00002518                minixfs3_close
                0x0000255a                minixfs3_read
                0x00002728                minixfs3_stat
 .text          0x00002774        0x0 /usr/src/sys/arch/i386/stand/bootxx/bootxx_minixfs3/lib/sa/libsa.a(errno.o)
 .text          0x00002774       0x45 /usr/src/sys/arch/i386/stand/bootxx/bootxx_minixfs3/lib/sa/libsa.a(read.o)
                0x00002774                read
 *fill*         0x000027b9        0x3 00000000
 .text          0x000027bc       0x5a /usr/src/sys/arch/i386/stand/bootxx/bootxx_minixfs3/lib/sa/libsa.a(open.o)
                0x000027bc                open
 *fill*         0x00002816        0x2 00000000
 .text          0x00002818       0x1c /usr/src/sys/arch/i386/stand/bootxx/bootxx_minixfs3/lib/sa/libsa.a(fstat.o)
                0x00002818                fstat
 .text          0x00002834       0x88 /usr/src/sys/arch/i386/stand/bootxx/bootxx_minixfs3/lib/sa/libsa.a(alloc.o)
                0x00002834                alloc
                0x000028ab                dealloc
 .text          0x000028bc        0x0 /usr/src/sys/arch/i386/stand/bootxx/bootxx_minixfs3/lib/sa/libsa.a(files.o)
 *fill*         0x000028bc        0x4 00000000
 .text          0x000028c0       0x7d /usr/lib/libminc.a(memmove.o)
                0x000028c0                memmove
 *fill*         0x0000293d        0x3 00000000
 .text          0x00002940       0x3f /usr/lib/libminc.a(memcmp.o)
                0x00002940                memcmp
 *fill*         0x0000297f        0x1 00000000
 .text          0x00002980       0x97 /usr/lib/libminc.a(memchr.o)
                0x00002980                memchr
 *fill*         0x00002a17        0x9 00000000
 .text          0x00002a20       0x4b /usr/lib/libminc.a(strlen.o)
                0x00002a20                strlen
 *fill*         0x00002a6b        0x5 00000000
 .text          0x00002a70       0x3e /usr/lib/libminc.a(memcpy.o)
                0x00002a70                memcpy
 *fill*         0x00002aae        0x2 00000000
 .text          0x00002ab0       0x47 /usr/lib/libminc.a(memset.o)
                0x00002ab0                memset
 *(.text.*)
 *(.stub)
 *(.text)
                0x00002af7                _etext = .
                0x00002af7                PROVIDE (etext, .)

.iplt           0x00002b00        0x0
 .iplt          0x00000000        0x0 bootxx.o

.rodata         0x00002af7       0xa0
 *(.rodata)
 *(.rodata.*)
 .rodata.str1.1
                0x00002af7       0xa0 boot1.o
                0x00002b97                __data_start = .

.rel.dyn        0x00002b98        0x0
 .rel.iplt      0x00000000        0x0 bootxx.o
 .rel.text      0x00000000        0x0 bootxx.o
 .rel.data      0x00000000        0x0 bootxx.o

.data           0x00002b98        0x4
 *(.data)
 .data          0x00002b98        0x0 pbr.o
 .data          0x00002b98        0x0 label.o
 .data          0x00002b98        0x0 bootxx.o
 .data          0x00002b98        0x0 boot1.o
 .data          0x00002b98        0x0 /usr/src/sys/arch/i386/stand/bootxx/bootxx_minixfs3/lib/i386/libi386.a(putstr.o)
 .data          0x00002b98        0x0 /usr/src/sys/arch/i386/stand/bootxx/bootxx_minixfs3/lib/i386/libi386.a(biosdisk_ll.o)
 .data          0x00002b98        0x0 /usr/src/sys/arch/i386/stand/bootxx/bootxx_minixfs3/lib/i386/libi386.a(pvcopy.o)
 .data          0x00002b98        0x0 /usr/src/sys/arch/i386/stand/bootxx/bootxx_minixfs3/lib/i386/libi386.a(bios_disk.o)
 .data          0x00002b98        0x0 /usr/src/sys/arch/i386/stand/bootxx/bootxx_minixfs3/lib/i386/libi386.a(dump_eax.o)
 .data          0x00002b98        0x0 /usr/src/sys/arch/i386/stand/bootxx/bootxx_minixfs3/lib/i386/libi386.a(realprot.o)
 .data          0x00002b98        0x0 /usr/src/sys/arch/i386/stand/bootxx/bootxx_minixfs3/lib/sa/libsa.a(minixfs3.o)
 .data          0x00002b98        0x0 /usr/src/sys/arch/i386/stand/bootxx/bootxx_minixfs3/lib/sa/libsa.a(errno.o)
 .data          0x00002b98        0x0 /usr/src/sys/arch/i386/stand/bootxx/bootxx_minixfs3/lib/sa/libsa.a(read.o)
 .data          0x00002b98        0x0 /usr/src/sys/arch/i386/stand/bootxx/bootxx_minixfs3/lib/sa/libsa.a(open.o)
 .data          0x00002b98        0x0 /usr/src/sys/arch/i386/stand/bootxx/bootxx_minixfs3/lib/sa/libsa.a(fstat.o)
 .data          0x00002b98        0x4 /usr/src/sys/arch/i386/stand/bootxx/bootxx_minixfs3/lib/sa/libsa.a(alloc.o)
 .data          0x00002b9c        0x0 /usr/src/sys/arch/i386/stand/bootxx/bootxx_minixfs3/lib/sa/libsa.a(files.o)
 .data          0x00002b9c        0x0 /usr/lib/libminc.a(memmove.o)
 .data          0x00002b9c        0x0 /usr/lib/libminc.a(memcmp.o)
 .data          0x00002b9c        0x0 /usr/lib/libminc.a(memchr.o)
 .data          0x00002b9c        0x0 /usr/lib/libminc.a(strlen.o)
 .data          0x00002b9c        0x0 /usr/lib/libminc.a(memcpy.o)
 .data          0x00002b9c        0x0 /usr/lib/libminc.a(memset.o)

.igot.plt       0x00002b9c        0x0
 .igot.plt      0x00000000        0x0 bootxx.o

.data.cacheline_aligned
 *(.data.cacheline_aligned)

.data.read_mostly
 *(.data.read_mostly)
                0x00002b9c                _edata = .
                0x00002b9c                PROVIDE (edata, .)
                0x00002b9c                __bss_start = .

.bss            0x00002ba0      0x460
 *(.bss)
 .bss           0x00002ba0        0x0 pbr.o
 .bss           0x00002ba0        0x0 label.o
 .bss           0x00002ba0        0x0 bootxx.o
 .bss           0x00002ba0       0x28 boot1.o
 .bss           0x00002bc8        0x0 /usr/src/sys/arch/i386/stand/bootxx/bootxx_minixfs3/lib/i386/libi386.a(putstr.o)
 .bss           0x00002bc8        0x0 /usr/src/sys/arch/i386/stand/bootxx/bootxx_minixfs3/lib/i386/libi386.a(biosdisk_ll.o)
 .bss           0x00002bc8        0x0 /usr/src/sys/arch/i386/stand/bootxx/bootxx_minixfs3/lib/i386/libi386.a(pvcopy.o)
 .bss           0x00002bc8        0x0 /usr/src/sys/arch/i386/stand/bootxx/bootxx_minixfs3/lib/i386/libi386.a(bios_disk.o)
 .bss           0x00002bc8        0x0 /usr/src/sys/arch/i386/stand/bootxx/bootxx_minixfs3/lib/i386/libi386.a(dump_eax.o)
 .bss           0x00002bc8        0x0 /usr/src/sys/arch/i386/stand/bootxx/bootxx_minixfs3/lib/i386/libi386.a(realprot.o)
 .bss           0x00002bc8      0x400 /usr/src/sys/arch/i386/stand/bootxx/bootxx_minixfs3/lib/sa/libsa.a(minixfs3.o)
 .bss           0x00002fc8        0x0 /usr/src/sys/arch/i386/stand/bootxx/bootxx_minixfs3/lib/sa/libsa.a(errno.o)
 .bss           0x00002fc8        0x0 /usr/src/sys/arch/i386/stand/bootxx/bootxx_minixfs3/lib/sa/libsa.a(read.o)
 .bss           0x00002fc8        0x0 /usr/src/sys/arch/i386/stand/bootxx/bootxx_minixfs3/lib/sa/libsa.a(open.o)
 .bss           0x00002fc8        0x0 /usr/src/sys/arch/i386/stand/bootxx/bootxx_minixfs3/lib/sa/libsa.a(fstat.o)
 .bss           0x00002fc8        0x0 /usr/src/sys/arch/i386/stand/bootxx/bootxx_minixfs3/lib/sa/libsa.a(alloc.o)
 .bss           0x00002fc8        0x0 /usr/src/sys/arch/i386/stand/bootxx/bootxx_minixfs3/lib/sa/libsa.a(files.o)
 .bss           0x00002fc8        0x0 /usr/lib/libminc.a(memmove.o)
 .bss           0x00002fc8        0x0 /usr/lib/libminc.a(memcmp.o)
 .bss           0x00002fc8        0x0 /usr/lib/libminc.a(memchr.o)
 .bss           0x00002fc8        0x0 /usr/lib/libminc.a(strlen.o)
 .bss           0x00002fc8        0x0 /usr/lib/libminc.a(memcpy.o)
 .bss           0x00002fc8        0x0 /usr/lib/libminc.a(memset.o)
 *(.bss.*)
 *(COMMON)
 COMMON         0x00002fc8        0x4 /usr/src/sys/arch/i386/stand/bootxx/bootxx_minixfs3/lib/sa/libsa.a(errno.o)
                0x00002fc8                errno
 COMMON         0x00002fcc        0x4 /usr/src/sys/arch/i386/stand/bootxx/bootxx_minixfs3/lib/sa/libsa.a(alloc.o)
                0x00002fcc                freelist
 COMMON         0x00002fd0       0x30 /usr/src/sys/arch/i386/stand/bootxx/bootxx_minixfs3/lib/sa/libsa.a(files.o)
                0x00002fd0                files
                0x00003000                . = ALIGN (0x4)
                0x00003000                . = ALIGN (0x4)
                0x00003000                _end = .
                0x00003000                PROVIDE (end, .)

/DISCARD/
 *(.eh_frame_hdr)
 *(.eh_frame)
 *(.note.netbsd.ident)
Address of section .text set to 0x1000
LOAD pbr.o
LOAD label.o
LOAD bootxx.o
LOAD boot1.o
LOAD /usr/src/sys/arch/i386/stand/bootxx/bootxx_minixfs3/lib/i386/libi386.a
LOAD /usr/src/sys/arch/i386/stand/bootxx/bootxx_minixfs3/lib/sa/libsa.a
LOAD /usr/lib/libminc.a
LOAD /usr/src/sys/arch/i386/stand/bootxx/bootxx_minixfs3/lib/i386/libi386.a
LOAD /usr/src/sys/arch/i386/stand/bootxx/bootxx_minixfs3/lib/sa/libsa.a
OUTPUT(bootxx_minixfs3.sym elf32-i386-minix)

.ident          0x00000000       0x3b
 .ident         0x00000000       0x3b boot1.o

.comment        0x00000000       0x2f
 .comment       0x00000000       0x2f boot1.o
                                 0x30 (size before relaxing)
 .comment       0x00000000       0x30 /usr/src/sys/arch/i386/stand/bootxx/bootxx_minixfs3/lib/i386/libi386.a(biosdisk_ll.o)
 .comment       0x00000000       0x30 /usr/src/sys/arch/i386/stand/bootxx/bootxx_minixfs3/lib/sa/libsa.a(minixfs3.o)
 .comment       0x00000000       0x30 /usr/src/sys/arch/i386/stand/bootxx/bootxx_minixfs3/lib/sa/libsa.a(errno.o)
 .comment       0x00000000       0x30 /usr/src/sys/arch/i386/stand/bootxx/bootxx_minixfs3/lib/sa/libsa.a(read.o)
 .comment       0x00000000       0x30 /usr/src/sys/arch/i386/stand/bootxx/bootxx_minixfs3/lib/sa/libsa.a(open.o)
 .comment       0x00000000       0x30 /usr/src/sys/arch/i386/stand/bootxx/bootxx_minixfs3/lib/sa/libsa.a(fstat.o)
 .comment       0x00000000       0x30 /usr/src/sys/arch/i386/stand/bootxx/bootxx_minixfs3/lib/sa/libsa.a(alloc.o)
 .comment       0x00000000       0x30 /usr/src/sys/arch/i386/stand/bootxx/bootxx_minixfs3/lib/sa/libsa.a(files.o)

.note.GNU-stack
                0x00000000        0x0
 .note.GNU-stack
                0x00000000        0x0 boot1.o
 .note.GNU-stack
                0x00000000        0x0 /usr/src/sys/arch/i386/stand/bootxx/bootxx_minixfs3/lib/i386/libi386.a(biosdisk_ll.o)
 .note.GNU-stack
                0x00000000        0x0 /usr/src/sys/arch/i386/stand/bootxx/bootxx_minixfs3/lib/sa/libsa.a(minixfs3.o)
 .note.GNU-stack
                0x00000000        0x0 /usr/src/sys/arch/i386/stand/bootxx/bootxx_minixfs3/lib/sa/libsa.a(errno.o)
 .note.GNU-stack
                0x00000000        0x0 /usr/src/sys/arch/i386/stand/bootxx/bootxx_minixfs3/lib/sa/libsa.a(read.o)
 .note.GNU-stack
                0x00000000        0x0 /usr/src/sys/arch/i386/stand/bootxx/bootxx_minixfs3/lib/sa/libsa.a(open.o)
 .note.GNU-stack
                0x00000000        0x0 /usr/src/sys/arch/i386/stand/bootxx/bootxx_minixfs3/lib/sa/libsa.a(fstat.o)
 .note.GNU-stack
                0x00000000        0x0 /usr/src/sys/arch/i386/stand/bootxx/bootxx_minixfs3/lib/sa/libsa.a(alloc.o)
 .note.GNU-stack
                0x00000000        0x0 /usr/src/sys/arch/i386/stand/bootxx/bootxx_minixfs3/lib/sa/libsa.a(files.o)

Cross Reference Table

Symbol                                            File
__bss_start                                       bootxx.o
_end                                              bootxx.o
_rtt                                              bootxx.o
alloc                                             /usr/src/sys/arch/i386/stand/bootxx/bootxx_minixfs3/lib/sa/libsa.a(alloc.o)
                                                  /usr/src/sys/arch/i386/stand/bootxx/bootxx_minixfs3/lib/sa/libsa.a(minixfs3.o)
biosdisk_extread                                  /usr/src/sys/arch/i386/stand/bootxx/bootxx_minixfs3/lib/i386/libi386.a(bios_disk.o)
                                                  /usr/src/sys/arch/i386/stand/bootxx/bootxx_minixfs3/lib/i386/libi386.a(biosdisk_ll.o)
biosdisk_getextinfo                               /usr/src/sys/arch/i386/stand/bootxx/bootxx_minixfs3/lib/i386/libi386.a(bios_disk.o)
                                                  /usr/src/sys/arch/i386/stand/bootxx/bootxx_minixfs3/lib/i386/libi386.a(biosdisk_ll.o)
biosdisk_getinfo                                  /usr/src/sys/arch/i386/stand/bootxx/bootxx_minixfs3/lib/i386/libi386.a(bios_disk.o)
                                                  /usr/src/sys/arch/i386/stand/bootxx/bootxx_minixfs3/lib/i386/libi386.a(biosdisk_ll.o)
biosdisk_int13ext                                 /usr/src/sys/arch/i386/stand/bootxx/bootxx_minixfs3/lib/i386/libi386.a(bios_disk.o)
                                                  /usr/src/sys/arch/i386/stand/bootxx/bootxx_minixfs3/lib/i386/libi386.a(biosdisk_ll.o)
biosdisk_read                                     /usr/src/sys/arch/i386/stand/bootxx/bootxx_minixfs3/lib/i386/libi386.a(bios_disk.o)
                                                  /usr/src/sys/arch/i386/stand/bootxx/bootxx_minixfs3/lib/i386/libi386.a(biosdisk_ll.o)
biosdisk_reset                                    /usr/src/sys/arch/i386/stand/bootxx/bootxx_minixfs3/lib/i386/libi386.a(bios_disk.o)
                                                  /usr/src/sys/arch/i386/stand/bootxx/bootxx_minixfs3/lib/i386/libi386.a(biosdisk_ll.o)
blkdevstrategy                                    boot1.o
                                                  /usr/src/sys/arch/i386/stand/bootxx/bootxx_minixfs3/lib/sa/libsa.a(minixfs3.o)
boot1                                             boot1.o
                                                  bootxx.o
bootxx                                            bootxx.o
                                                  pbr.o
bootxx_magic                                      bootxx.o
                                                  pbr.o
dealloc                                           /usr/src/sys/arch/i386/stand/bootxx/bootxx_minixfs3/lib/sa/libsa.a(alloc.o)
                                                  /usr/src/sys/arch/i386/stand/bootxx/bootxx_minixfs3/lib/sa/libsa.a(minixfs3.o)
dump_eax                                          /usr/src/sys/arch/i386/stand/bootxx/bootxx_minixfs3/lib/i386/libi386.a(dump_eax.o)
                                                  /usr/src/sys/arch/i386/stand/bootxx/bootxx_minixfs3/lib/i386/libi386.a(realprot.o)
                                                  /usr/src/sys/arch/i386/stand/bootxx/bootxx_minixfs3/lib/i386/libi386.a(putstr.o)
dump_eax_buff                                     /usr/src/sys/arch/i386/stand/bootxx/bootxx_minixfs3/lib/i386/libi386.a(realprot.o)
                                                  /usr/src/sys/arch/i386/stand/bootxx/bootxx_minixfs3/lib/i386/libi386.a(dump_eax.o)
end                                               /usr/src/sys/arch/i386/stand/bootxx/bootxx_minixfs3/lib/sa/libsa.a(alloc.o)
errno                                             /usr/src/sys/arch/i386/stand/bootxx/bootxx_minixfs3/lib/sa/libsa.a(fstat.o)
                                                  /usr/src/sys/arch/i386/stand/bootxx/bootxx_minixfs3/lib/sa/libsa.a(open.o)
                                                  /usr/src/sys/arch/i386/stand/bootxx/bootxx_minixfs3/lib/sa/libsa.a(read.o)
                                                  /usr/src/sys/arch/i386/stand/bootxx/bootxx_minixfs3/lib/sa/libsa.a(errno.o)
                                                  bootxx.o
files                                             /usr/src/sys/arch/i386/stand/bootxx/bootxx_minixfs3/lib/sa/libsa.a(files.o)
                                                  /usr/src/sys/arch/i386/stand/bootxx/bootxx_minixfs3/lib/sa/libsa.a(fstat.o)
                                                  /usr/src/sys/arch/i386/stand/bootxx/bootxx_minixfs3/lib/sa/libsa.a(open.o)
                                                  /usr/src/sys/arch/i386/stand/bootxx/bootxx_minixfs3/lib/sa/libsa.a(read.o)
flatcodeseg                                       /usr/src/sys/arch/i386/stand/bootxx/bootxx_minixfs3/lib/i386/libi386.a(realprot.o)
flatdataseg                                       /usr/src/sys/arch/i386/stand/bootxx/bootxx_minixfs3/lib/i386/libi386.a(realprot.o)
                                                  /usr/src/sys/arch/i386/stand/bootxx/bootxx_minixfs3/lib/i386/libi386.a(pvcopy.o)
freelist                                          /usr/src/sys/arch/i386/stand/bootxx/bootxx_minixfs3/lib/sa/libsa.a(alloc.o)
fstat                                             /usr/src/sys/arch/i386/stand/bootxx/bootxx_minixfs3/lib/sa/libsa.a(fstat.o)
                                                  boot1.o
gdt_fixup                                         /usr/src/sys/arch/i386/stand/bootxx/bootxx_minixfs3/lib/i386/libi386.a(realprot.o)
                                                  bootxx.o
get_harddrives                                    /usr/src/sys/arch/i386/stand/bootxx/bootxx_minixfs3/lib/i386/libi386.a(biosdisk_ll.o)
memchr                                            /usr/lib/libminc.a(memchr.o)
                                                  /usr/src/sys/arch/i386/stand/bootxx/bootxx_minixfs3/lib/sa/libsa.a(minixfs3.o)
memcmp                                            /usr/lib/libminc.a(memcmp.o)
                                                  /usr/src/sys/arch/i386/stand/bootxx/bootxx_minixfs3/lib/sa/libsa.a(minixfs3.o)
memcpy                                            /usr/lib/libminc.a(memcpy.o)
                                                  /usr/src/sys/arch/i386/stand/bootxx/bootxx_minixfs3/lib/sa/libsa.a(minixfs3.o)
memmove                                           /usr/lib/libminc.a(memmove.o)
                                                  /usr/src/sys/arch/i386/stand/bootxx/bootxx_minixfs3/lib/sa/libsa.a(minixfs3.o)
memset                                            /usr/lib/libminc.a(memset.o)
                                                  /usr/src/sys/arch/i386/stand/bootxx/bootxx_minixfs3/lib/sa/libsa.a(minixfs3.o)
message                                           pbr.o
                                                  /usr/src/sys/arch/i386/stand/bootxx/bootxx_minixfs3/lib/i386/libi386.a(realprot.o)
                                                  /usr/src/sys/arch/i386/stand/bootxx/bootxx_minixfs3/lib/i386/libi386.a(putstr.o)
                                                  bootxx.o
message_1                                         pbr.o
                                                  /usr/src/sys/arch/i386/stand/bootxx/bootxx_minixfs3/lib/i386/libi386.a(dump_eax.o)
minixfs3_close                                    /usr/src/sys/arch/i386/stand/bootxx/bootxx_minixfs3/lib/sa/libsa.a(minixfs3.o)
                                                  bootxx.o
minixfs3_open                                     /usr/src/sys/arch/i386/stand/bootxx/bootxx_minixfs3/lib/sa/libsa.a(minixfs3.o)
                                                  bootxx.o
minixfs3_read                                     /usr/src/sys/arch/i386/stand/bootxx/bootxx_minixfs3/lib/sa/libsa.a(minixfs3.o)
                                                  bootxx.o
minixfs3_stat                                     /usr/src/sys/arch/i386/stand/bootxx/bootxx_minixfs3/lib/sa/libsa.a(minixfs3.o)
                                                  bootxx.o
open                                              /usr/src/sys/arch/i386/stand/bootxx/bootxx_minixfs3/lib/sa/libsa.a(open.o)
                                                  boot1.o
pbzero                                            /usr/src/sys/arch/i386/stand/bootxx/bootxx_minixfs3/lib/i386/libi386.a(pvcopy.o)
prot_to_real                                      /usr/src/sys/arch/i386/stand/bootxx/bootxx_minixfs3/lib/i386/libi386.a(realprot.o)
                                                  /usr/src/sys/arch/i386/stand/bootxx/bootxx_minixfs3/lib/i386/libi386.a(bios_disk.o)
                                                  /usr/src/sys/arch/i386/stand/bootxx/bootxx_minixfs3/lib/i386/libi386.a(putstr.o)
                                                  bootxx.o
ptn_disklabel                                     label.o
                                                  boot1.o
putint                                            /usr/src/sys/arch/i386/stand/bootxx/bootxx_minixfs3/lib/i386/libi386.a(putstr.o)
putstr                                            /usr/src/sys/arch/i386/stand/bootxx/bootxx_minixfs3/lib/i386/libi386.a(putstr.o)
                                                  boot1.o
pvbcopy                                           /usr/src/sys/arch/i386/stand/bootxx/bootxx_minixfs3/lib/i386/libi386.a(pvcopy.o)
                                                  /usr/src/sys/arch/i386/stand/bootxx/bootxx_minixfs3/lib/i386/libi386.a(biosdisk_ll.o)
read                                              /usr/src/sys/arch/i386/stand/bootxx/bootxx_minixfs3/lib/sa/libsa.a(read.o)
                                                  boot1.o
readsects                                         /usr/src/sys/arch/i386/stand/bootxx/bootxx_minixfs3/lib/i386/libi386.a(biosdisk_ll.o)
                                                  boot1.o
real_to_prot                                      /usr/src/sys/arch/i386/stand/bootxx/bootxx_minixfs3/lib/i386/libi386.a(realprot.o)
                                                  /usr/src/sys/arch/i386/stand/bootxx/bootxx_minixfs3/lib/i386/libi386.a(bios_disk.o)
                                                  /usr/src/sys/arch/i386/stand/bootxx/bootxx_minixfs3/lib/i386/libi386.a(putstr.o)
                                                  bootxx.o
set_geometry                                      /usr/src/sys/arch/i386/stand/bootxx/bootxx_minixfs3/lib/i386/libi386.a(biosdisk_ll.o)
                                                  boot1.o
start                                             pbr.o
strlen                                            /usr/lib/libminc.a(strlen.o)
                                                  /usr/src/sys/arch/i386/stand/bootxx/bootxx_minixfs3/lib/sa/libsa.a(minixfs3.o)
vpbcopy                                           /usr/src/sys/arch/i386/stand/bootxx/bootxx_minixfs3/lib/i386/libi386.a(pvcopy.o)
vtophys                                           /usr/src/sys/arch/i386/stand/bootxx/bootxx_minixfs3/lib/i386/libi386.a(realprot.o)
                                                  /usr/src/sys/arch/i386/stand/bootxx/bootxx_minixfs3/lib/i386/libi386.a(biosdisk_ll.o)
xxfs_close                                        bootxx.o
xxfs_open                                         bootxx.o
                                                  /usr/src/sys/arch/i386/stand/bootxx/bootxx_minixfs3/lib/sa/libsa.a(open.o)
xxfs_read                                         bootxx.o
                                                  /usr/src/sys/arch/i386/stand/bootxx/bootxx_minixfs3/lib/sa/libsa.a(read.o)
xxfs_stat                                         bootxx.o
                                                  /usr/src/sys/arch/i386/stand/bootxx/bootxx_minixfs3/lib/sa/libsa.a(fstat.o)
